{"time":"2026-08-21T10:19:15.070453297Z","level":"INFO","msg":"Plugin started","plugin":{"name":"BinaryEdge"}}
{"time":"2026-08-21T10:19:15.070481066Z","level":"INFO","msg":"Plugin started","plugin":{"name":"Chaos"}}
{"time":"2026-08-21T10:19:15.070485106Z","level":"INFO","msg":"Plugin started","plugin":{"name":"crt.sh"}}
{"time":"2026-08-21T10:19:15.070488176Z","level":"INFO","msg":"Plugin started","plugin":{"name":"DNSRepo"}}
{"time":"2026-08-21T10:19:15.070496136Z","level":"INFO","msg":"Plugin started","plugin":{"name":"Grep.App"}}
{"time":"2026-08-21T10:19:15.070499556Z","level":"INFO","msg":"Plugin started","plugin":{"name":"HackerTarget"}}
{"time":"2026-08-21T10:19:15.070503196Z","level":"INFO","msg":"Plugin started","plugin":{"name":"LeakIX"}}
{"time":"2026-08-21T10:19:15.070506346Z","level":"INFO","msg":"Plugin started","plugin":{"name":"PassiveTotal"}}
{"time":"2026-08-21T10:19:15.070511356Z","level":"INFO","msg":"Plugin started","plugin":{"name":"Prospeo"}}
{"time":"2026-08-21T10:19:15.070517946Z","level":"INFO","msg":"Plugin started","plugin":{"name":"SecurityTrails"}}
{"time":"2026-08-21T10:19:15.070521656Z","level":"INFO","msg":"Plugin started","plugin":{"name":"VirusTotal"}}
{"time":"2026-08-21T10:19:15.070524826Z","level":"INFO","msg":"Plugin started","plugin":{"name":"ZETAlytics"}}
{"time":"2026-08-21T10:19:15.070541455Z","level":"INFO","msg":"Plugin started","plugin":{"name":"Wayback"}}
{"time":"2026-08-21T10:19:15.070549195Z","level":"INFO","msg":"Plugin started","plugin":{"name":"Aviato"}}
{"time":"2026-08-21T10:19:15.546375311Z","level":"INFO","msg":"Plugin started","plugin":{"name":"BGP.Tools"}}
{"time":"2026-08-21T10:19:15.54641779Z","level":"INFO","msg":"Plugin started","plugin":{"name":"FQDN-Alterations"}}
{"time":"2026-08-21T10:19:15.546450499Z","level":"INFO","msg":"Plugin started","plugin":{"name":"DNS"}}
{"time":"2026-08-21T10:19:15.546457419Z","level":"INFO","msg":"plugin started","plugin":{"name":"DNS-SD"}}
{"time":"2026-08-21T10:19:15.546471309Z","level":"INFO","msg":"Plugin started","plugin":{"name":"Service-Banner-URLs"}}
{"time":"2026-08-21T10:19:15.546475659Z","level":"INFO","msg":"Plugin started","plugin":{"name":"Contract-Record-Expansion"}}
{"time":"2026-08-21T10:19:15.546479889Z","level":"INFO","msg":"Plugin started","plugin":{"name":"Email-Expansion"}}
{"time":"2026-08-21T10:19:15.546487139Z","level":"INFO","msg":"Plugin started","plugin":{"name":"TLSCert-Expansion"}}
{"time":"2026-08-21T10:19:15.546492629Z","level":"INFO","msg":"Plugin started","plugin":{"name":"URL-Expansion"}}
{"time":"2026-08-21T10:19:15.546503158Z","level":"INFO","msg":"Plugin started","plugin":{"name":"GLEIF"}}
{"time":"2026-08-21T10:19:15.546511878Z","level":"INFO","msg":"Plugin started","plugin":{"name":"Horizontals"}}
{"time":"2026-08-21T10:19:15.546519058Z","level":"INFO","msg":"Plugin started","plugin":{"name":"HTTP-Probes"}}
{"time":"2026-08-21T10:19:15.546545018Z","level":"INFO","msg":"Plugin started","plugin":{"name":"RDAP"}}
{"time":"2026-08-21T10:19:15.546549318Z","level":"INFO","msg":"Plugin started","plugin":{"name":"Bing"}}
{"time":"2026-08-21T10:19:15.546552638Z","level":"INFO","msg":"Plugin started","plugin":{"name":"DNSHistory"}}
{"time":"2026-08-21T10:19:15.546555417Z","level":"INFO","msg":"Plugin started","plugin":{"name":"DuckDuckGo"}}
{"time":"2026-08-21T10:19:15.546558477Z","level":"INFO","msg":"Plugin started","plugin":{"name":"GitHub-IPVerse"}}
{"time":"2026-08-21T10:19:15.546561657Z","level":"INFO","msg":"Plugin started","plugin":{"name":"RapidDNS"}}
{"time":"2026-08-21T10:19:15.546564417Z","level":"INFO","msg":"Plugin started","plugin":{"name":"SiteDossier"}}
{"time":"2026-08-21T10:19:15.546569087Z","level":"INFO","msg":"Plugin started","plugin":{"name":"WHOIS"}}
{"time":"2026-08-21T10:19:15.546575507Z","level":"INFO","msg":"Plugin started","plugin":{"name":"IP-Netblock"}}
{"time":"2026-08-21T10:19:15.546579157Z","level":"INFO","msg":"Plugin started","plugin":{"name":"JARM-Fingerprint"}}
{"time":"2026-08-21T10:19:15.546585707Z","level":"INFO","msg":"Plugin started","plugin":{"name":"Known-FQDN"}}
{"time":"2026-08-21T10:19:15.547443551Z","level":"INFO","msg":"Server listening on","addr":":4000"}
{"time":"2026-08-21T10:19:16.035504253Z","level":"INFO","msg":"request completed","method":"GET","path":"/api/v1/health","duration":57539}
{"time":"2026-08-21T10:19:16.130537193Z","level":"INFO","msg":"request completed","method":"POST","path":"/api/v1/sessions","duration":93711984}
{"time":"2026-08-21T10:19:16.131877407Z","level":"INFO","msg":"connected to session log stream"}
{"time":"2026-08-21T10:19:16.131883567Z","level":"INFO","msg":"request completed","method":"GET","path":"/api/v1/sessions/2c7f0326-3040-439b-8732-8b304a5e072e/ws/logs","duration":75858}
{"time":"2026-08-21T10:19:16.135956583Z","level":"INFO","msg":"request completed","method":"POST","path":"/api/v1/sessions/2c7f0326-3040-439b-8732-8b304a5e072e/assets/fqdn","duration":3675183}
{"time":"2026-08-21T10:19:18.136827038Z","level":"INFO","msg":"request completed","method":"GET","path":"/api/v1/sessions/2c7f0326-3040-439b-8732-8b304a5e072e/stats","duration":34159}
{"time":"2026-08-21T10:19:20.137200742Z","level":"INFO","msg":"request completed","method":"GET","path":"/api/v1/sessions/2c7f0326-3040-439b-8732-8b304a5e072e/stats","duration":14109}
{"time":"2026-08-21T10:19:22.137148395Z","level":"INFO","msg":"request completed","method":"GET","path":"/api/v1/sessions/2c7f0326-3040-439b-8732-8b304a5e072e/stats","duration":14940}
{"time":"2026-08-21T10:19:24.137537908Z","level":"INFO","msg":"request completed","method":"GET","path":"/api/v1/sessions/2c7f0326-3040-439b-8732-8b304a5e072e/stats","duration":12730}
{"time":"2026-08-21T10:19:26.137342853Z","level":"INFO","msg":"request completed","method":"GET","path":"/api/v1/sessions/2c7f0326-3040-439b-8732-8b304a5e072e/stats","duration":17930}
{"time":"2026-08-21T10:19:28.136774754Z","level":"INFO","msg":"request completed","method":"GET","path":"/api/v1/sessions/2c7f0326-3040-439b-8732-8b304a5e072e/stats","duration":10660}
{"time":"2026-08-21T10:19:30.137352784Z","level":"INFO","msg":"request completed","method":"GET","path":"/api/v1/sessions/2c7f0326-3040-439b-8732-8b304a5e072e/stats","duration":15070}
{"time":"2026-08-21T10:19:32.137673759Z","level":"INFO","msg":"request completed","method":"GET","path":"/api/v1/sessions/2c7f0326-3040-439b-8732-8b304a5e072e/stats","duration":27040}
{"time":"2026-08-21T10:19:34.137690559Z","level":"INFO","msg":"request completed","method":"GET","path":"/api/v1/sessions/2c7f0326-3040-439b-8732-8b304a5e072e/stats","duration":17380}
{"time":"2026-08-21T10:19:36.137320097Z","level":"INFO","msg":"request completed","method":"GET","path":"/api/v1/sessions/2c7f0326-3040-439b-8732-8b304a5e072e/stats","duration":13629}
{"time":"2026-08-21T10:19:38.137444696Z","level":"INFO","msg":"request completed","method":"GET","path":"/api/v1/sessions/2c7f0326-3040-439b-8732-8b304a5e072e/stats","duration":11110}
{"time":"2026-08-21T10:19:40.137314479Z","level":"INFO","msg":"request completed","method":"GET","path":"/api/v1/sessions/2c7f0326-3040-439b-8732-8b304a5e072e/stats","duration":15689}
{"time":"2026-08-21T10:19:42.137751312Z","level":"INFO","msg":"request completed","method":"GET","path":"/api/v1/sessions/2c7f0326-3040-439b-8732-8b304a5e072e/stats","duration":18280}
{"time":"2026-08-21T10:19:44.136900218Z","level":"INFO","msg":"request completed","method":"GET","path":"/api/v1/sessions/2c7f0326-3040-439b-8732-8b304a5e072e/stats","duration":14550}
{"time":"2026-08-21T10:19:46.137674164Z","level":"INFO","msg":"request completed","method":"GET","path":"/api/v1/sessions/2c7f0326-3040-439b-8732-8b304a5e072e/stats","duration":16060}
{"time":"2026-08-21T10:19:48.137068386Z","level":"INFO","msg":"request completed","method":"GET","path":"/api/v1/sessions/2c7f0326-3040-439b-8732-8b304a5e072e/stats","duration":22800}
{"time":"2026-08-21T10:19:50.13741701Z","level":"INFO","msg":"request completed","method":"GET","path":"/api/v1/sessions/2c7f0326-3040-439b-8732-8b304a5e072e/stats","duration":17449}
{"time":"2026-08-21T10:19:52.136670755Z","level":"INFO","msg":"request completed","method":"GET","path":"/api/v1/sessions/2c7f0326-3040-439b-8732-8b304a5e072e/stats","duration":15280}
{"time":"2026-08-21T10:19:54.137730566Z","level":"INFO","msg":"request completed","method":"GET","path":"/api/v1/sessions/2c7f0326-3040-439b-8732-8b304a5e072e/stats","duration":19990}
{"time":"2026-08-21T10:19:56.137507Z","level":"INFO","msg":"request completed","method":"GET","path":"/api/v1/sessions/2c7f0326-3040-439b-8732-8b304a5e072e/stats","duration":15370}
{"time":"2026-08-21T10:19:58.137620898Z","level":"INFO","msg":"request completed","method":"GET","path":"/api/v1/sessions/2c7f0326-3040-439b-8732-8b304a5e072e/stats","duration":18799}
{"time":"2026-08-21T10:20:00.137170347Z","level":"INFO","msg":"request completed","method":"GET","path":"/api/v1/sessions/2c7f0326-3040-439b-8732-8b304a5e072e/stats","duration":17139}
{"time":"2026-08-21T10:20:02.137417873Z","level":"INFO","msg":"request completed","method":"GET","path":"/api/v1/sessions/2c7f0326-3040-439b-8732-8b304a5e072e/stats","duration":17610}
{"time":"2026-08-21T10:20:04.137149528Z","level":"INFO","msg":"request completed","method":"GET","path":"/api/v1/sessions/2c7f0326-3040-439b-8732-8b304a5e072e/stats","duration":12599}
{"time":"2026-08-21T10:20:06.137037821Z","level":"INFO","msg":"request completed","method":"GET","path":"/api/v1/sessions/2c7f0326-3040-439b-8732-8b304a5e072e/stats","duration":12810}
{"time":"2026-08-21T10:20:08.137376055Z","level":"INFO","msg":"request completed","method":"GET","path":"/api/v1/sessions/2c7f0326-3040-439b-8732-8b304a5e072e/stats","duration":18330}
{"time":"2026-08-21T10:20:10.137239238Z","level":"INFO","msg":"request completed","method":"GET","path":"/api/v1/sessions/2c7f0326-3040-439b-8732-8b304a5e072e/stats","duration":12450}
{"time":"2026-08-21T10:20:12.137470855Z","level":"INFO","msg":"request completed","method":"GET","path":"/api/v1/sessions/2c7f0326-3040-439b-8732-8b304a5e072e/stats","duration":13910}
{"time":"2026-08-21T10:20:14.136790117Z","level":"INFO","msg":"request completed","method":"GET","path":"/api/v1/sessions/2c7f0326-3040-439b-8732-8b304a5e072e/stats","duration":20220}
{"time":"2026-08-21T10:20:16.137226469Z","level":"INFO","msg":"request completed","method":"GET","path":"/api/v1/sessions/2c7f0326-3040-439b-8732-8b304a5e072e/stats","duration":14750}
{"time":"2026-08-21T10:20:18.137648621Z","level":"INFO","msg":"request completed","method":"GET","path":"/api/v1/sessions/2c7f0326-3040-439b-8732-8b304a5e072e/stats","duration":13360}
{"time":"2026-08-21T10:20:20.137279168Z","level":"INFO","msg":"request completed","method":"GET","path":"/api/v1/sessions/2c7f0326-3040-439b-8732-8b304a5e072e/stats","duration":17520}
{"time":"2026-08-21T10:20:22.137023514Z","level":"INFO","msg":"request completed","method":"GET","path":"/api/v1/sessions/2c7f0326-3040-439b-8732-8b304a5e072e/stats","duration":14639}
{"time":"2026-08-21T10:20:24.136737929Z","level":"INFO","msg":"request completed","method":"GET","path":"/api/v1/sessions/2c7f0326-3040-439b-8732-8b304a5e072e/stats","duration":15000}
{"time":"2026-08-21T10:20:26.137073823Z","level":"INFO","msg":"request completed","method":"GET","path":"/api/v1/sessions/2c7f0326-3040-439b-8732-8b304a5e072e/stats","duration":14250}
{"time":"2026-08-21T10:20:28.137590523Z","level":"INFO","msg":"request completed","method":"GET","path":"/api/v1/sessions/2c7f0326-3040-439b-8732-8b304a5e072e/stats","duration":14209}
{"time":"2026-08-21T10:20:30.137340158Z","level":"INFO","msg":"request completed","method":"GET","path":"/api/v1/sessions/2c7f0326-3040-439b-8732-8b304a5e072e/stats","duration":16150}
{"time":"2026-08-21T10:20:32.137467196Z","level":"INFO","msg":"request completed","method":"GET","path":"/api/v1/sessions/2c7f0326-3040-439b-8732-8b304a5e072e/stats","duration":14910}
{"time":"2026-08-21T10:20:34.137325649Z","level":"INFO","msg":"request completed","method":"GET","path":"/api/v1/sessions/2c7f0326-3040-439b-8732-8b304a5e072e/stats","duration":13140}
{"time":"2026-08-21T10:20:36.137012635Z","level":"INFO","msg":"request completed","method":"GET","path":"/api/v1/sessions/2c7f0326-3040-439b-8732-8b304a5e072e/stats","duration":11840}
{"time":"2026-08-21T10:20:38.136864618Z","level":"INFO","msg":"request completed","method":"GET","path":"/api/v1/sessions/2c7f0326-3040-439b-8732-8b304a5e072e/stats","duration":16370}
{"time":"2026-08-21T10:20:40.137731441Z","level":"INFO","msg":"request completed","method":"GET","path":"/api/v1/sessions/2c7f0326-3040-439b-8732-8b304a5e072e/stats","duration":17910}
{"time":"2026-08-21T10:20:42.137428147Z","level":"INFO","msg":"request completed","method":"GET","path":"/api/v1/sessions/2c7f0326-3040-439b-8732-8b304a5e072e/stats","duration":16400}
{"time":"2026-08-21T10:20:44.137089982Z","level":"INFO","msg":"request completed","method":"GET","path":"/api/v1/sessions/2c7f0326-3040-439b-8732-8b304a5e072e/stats","duration":13670}
{"time":"2026-08-21T10:20:46.137579494Z","level":"INFO","msg":"request completed","method":"GET","path":"/api/v1/sessions/2c7f0326-3040-439b-8732-8b304a5e072e/stats","duration":14130}
{"time":"2026-08-21T10:20:48.137184341Z","level":"INFO","msg":"request completed","method":"GET","path":"/api/v1/sessions/2c7f0326-3040-439b-8732-8b304a5e072e/stats","duration":15000}
{"time":"2026-08-21T10:20:50.137032914Z","level":"INFO","msg":"request completed","method":"GET","path":"/api/v1/sessions/2c7f0326-3040-439b-8732-8b304a5e072e/stats","duration":17190}
{"time":"2026-08-21T10:20:52.137102382Z","level":"INFO","msg":"request completed","method":"GET","path":"/api/v1/sessions/2c7f0326-3040-439b-8732-8b304a5e072e/stats","duration":17560}
{"time":"2026-08-21T10:20:54.137146511Z","level":"INFO","msg":"request completed","method":"GET","path":"/api/v1/sessions/2c7f0326-3040-439b-8732-8b304a5e072e/stats","duration":12819}
{"time":"2026-08-21T10:20:56.136821226Z","level":"INFO","msg":"request completed","method":"GET","path":"/api/v1/sessions/2c7f0326-3040-439b-8732-8b304a5e072e/stats","duration":14339}
{"time":"2026-08-21T10:20:58.137038162Z","level":"INFO","msg":"request completed","method":"GET","path":"/api/v1/sessions/2c7f0326-3040-439b-8732-8b304a5e072e/stats","duration":18299}
{"time":"2026-08-21T10:21:00.137607211Z","level":"INFO","msg":"request completed","method":"GET","path":"/api/v1/sessions/2c7f0326-3040-439b-8732-8b304a5e072e/stats","duration":14020}
{"time":"2026-08-21T10:21:02.136948724Z","level":"INFO","msg":"request completed","method":"GET","path":"/api/v1/sessions/2c7f0326-3040-439b-8732-8b304a5e072e/stats","duration":19220}
{"time":"2026-08-21T10:21:04.137245208Z","level":"INFO","msg":"request completed","method":"GET","path":"/api/v1/sessions/2c7f0326-3040-439b-8732-8b304a5e072e/stats","duration":12530}
{"time":"2026-08-21T10:21:06.137261167Z","level":"INFO","msg":"request completed","method":"GET","path":"/api/v1/sessions/2c7f0326-3040-439b-8732-8b304a5e072e/stats","duration":15769}
{"time":"2026-08-21T10:21:08.137229927Z","level":"INFO","msg":"request completed","method":"GET","path":"/api/v1/sessions/2c7f0326-3040-439b-8732-8b304a5e072e/stats","duration":13219}
{"time":"2026-08-21T10:21:10.137540322Z","level":"INFO","msg":"request completed","method":"GET","path":"/api/v1/sessions/2c7f0326-3040-439b-8732-8b304a5e072e/stats","duration":14530}
{"time":"2026-08-21T10:21:12.137271145Z","level":"INFO","msg":"request completed","method":"GET","path":"/api/v1/sessions/2c7f0326-3040-439b-8732-8b304a5e072e/stats","duration":18790}
{"time":"2026-08-21T10:21:14.13701412Z","level":"INFO","msg":"request completed","method":"GET","path":"/api/v1/sessions/2c7f0326-3040-439b-8732-8b304a5e072e/stats","duration":11560}
